tests/test_api_approval.py: 14
tests/test_api_approval_list.py: 7
tests/test_api_benchmark.py: 10
tests/test_api_benchmark_list.py: 8
tests/test_api_dashboard.py: 7
tests/test_api_dedup.py: 6
tests/test_api_finding_detail.py: 12
tests/test_api_findings.py: 8
tests/test_api_projects.py: 9
tests/test_api_proof.py: 7
tests/test_api_proof_summary.py: 10
tests/test_api_repositories.py: 15
tests/test_api_risk.py: 13
tests/test_api_risk_summary.py: 11
tests/test_api_scan.py: 6
tests/test_api_validation.py: 6
tests/test_api_validation_hf.py: 5
tests/test_api_validation_summary.py: 10
tests/test_approval.py: 35
tests/test_benchmark.py: 41
tests/test_dedup.py: 20
tests/test_e2e_pipeline.py: 5
tests/test_fetcher.py: 9
tests/test_huggingface_provider.py: 17
tests/test_llm_config.py: 10
tests/test_parser.py: 6
tests/test_persistence.py: 6
tests/test_prove.py: 22
tests/test_risk.py: 14
tests/test_scan_command_injection.py: 22
tests/test_scan_finding_identity.py: 4
tests/test_scan_runs.py: 8
tests/test_scan_sql_injection.py: 25
tests/test_scan_ssrf.py: 31
tests/test_service.py: 7
tests/test_sla.py: 22
tests/test_sla_evaluator.py: 10
tests/test_validate.py: 21

============================== warnings summary ===============================
.venv\Lib\site-packages\fastapi\testclient.py:1
  C:\Users\Prash\Desktop\SAST\backend\.venv\Lib\site-packages\fastapi\testclient.py:1: StarletteDeprecationWarning: Using `httpx` with `starlette.testclient` is deprecated; install `httpx2` instead.
    from starlette.testclient import TestClient as TestClient  # noqa

-- Docs: https://docs.pytest.org/en/stable/how-to/capture-warnings.html
